abmf
abpo
ade1
ade2
adis
afkb
aira
ajac
albh
albu
algo
alic
alme
alrt
amc2
amct
amu2
amun
ankr
antc
aoml
areq
arev
artu
asc1
aspa
auck
azco
azgb
badg
bahr
bake
bako
ban2
barb
barg
barh
bdos
bhr1
bhr2
bili
bipd
bisk
bjco
bjfs
bjnm
bndy
boav
bogi
bogo
bogt
bomj
bor1
borg
boro
braz
brew
brft
brmu
brst
brug
brus
brux
bshm
bucu
bue1
bue2
bzrg
cagl
cags
cagz
call
canb
carr
cas1
casc
ccj2
ccjm
cedu
cefe
cfag
cggn
cham
chan
chat
chpi
chti
chum
chur
cic1
cice
ckis
cnmr
coco
conz
cord
coyq
cpxf
crao
crar
cro1
csir
ctwn
daej
daka
darr
darw
dav1
davr
delf
dgar
dgav
dhlg
dlft
dour
drag
drao
dubo
dubr
dum1
dwh1
ebre
eil1
eil2
eisl
elat
eprt
etad
etdd
etji
exwi
faa1
fair
faiv
fale
fdav
ffmj
flin
flrs
fort
frdn
free
func
gala
ganp
gjov
glps
glsv
gmas
gmsd
goce
gode
godz
gol2
gold
gope
goug
grab
gras
graz
grca
grcb
gree
guam
guao
guat
guug
harb
hark
hart
harv
helg
herp
hers
hert
hflk
hlfx
hnlc
hnpt
hob1
hob2
hofn
hofs
holb
holm
hrao
hrm1
hrm2
hyde
iavh
iddr
ieng
iisc
iisc
ilha
impz
ineg
invk
iqal
iqqe
iqui
irkg
irkj
irkm
irkt
irkz
isba
ispa
ista
jab1
jama
jaso
joen
jog2
joz2
joze
jplm
jplv
karr
kat1
katz
kely
kerg
kgn0
kgni
khab
khaj
khar
kir0
kiri
kiru
kit3
kodk
kokb
kokv
koms
kosg
kou1
kouc
kour
kr0g
ksmv
kstu
kunm
kuuj
kwj1
lae1
lama
lck2
lcki
leij
lhas
lhaz
linr
lmmf
lpal
lpgs
lptf
lroc
m0se
mac1
mad2
madr
mag0
maid
mal2
mald
mali
mana
manz
mar6
mars
mas1
masp
mat1
mate
maui
maui
maw1
mbar
mccj
mcil
mcm1
mcm4
mcmu
mdo1
mdvg
mdvj
mdvo
mdvz
medi
mets
metz
mgue
mikl
mizu
mkea
mnls
mobj
mobk
mobn
mobs
moin
monp
morp
mqzg
mr6g
msku
mtbg
mtka
muej
nain
nano
naur
nic2
nico
nist
nisu
nium
nklg
nlib
nnor
not1
noto
noum
novj
novm
nplb
npld
nrc1
nril
nrl1
nrmd
nssp
ntus
ntz1
nurk
nvsk
nya1
nya2
obe2
ober
obet
ocn1
ohi2
ohi3
ohig
ohiz
okc2
onsa
opmt
os0g
oslo
osn1
osn2
ouag
ous2
pado
palm
palv
pama
parc
park
pbr2
pbri
pdel
penc
pert
petp
petr
pets
pfa2
pfan
picl
pie1
pimo
pohn
pol2
polv
potm
pots
pove
prds
pre1
pre2
ptag
ptba
ptbb
pvep
qaq1
qiki
qui1
qui2
quin
quin
rabt
ramo
rbay
rcm2
rcm4
rcm5
rcmn
recf
redu
reso
reun
rey2
reyk
reyz
riga
rio2
riog
riop
rosa
roth
sacc
salu
sant
sask
sass
savo
sch2
scor
scrz
scub
scv1
sele
sey1
sfdm
sfer
shao
simo
sio3
sjdv
smst
sni1
soda
sofi
sol1
sola
sp0g
spt0
ssia
stav
sthl
stjo
stk2
stl1
stl2
str1
str2
strr
sump
sunm
suth
sutm
sutv
suva
suwn
svtl
sydn
syog
tabl
tabv
taej
tah1
tah2
tahi
taiw
tash
tcms
tehn
tela
ters
tgcv
thti
thu1
thu2
thu3
tid1
tid2
tidb
tigz
titz
tixg
tixi
tlse
tn22
tnml
tong
toul
tow2
trab
tro1
trom
tron
tsea
tskb
tumg
tuva
twtf
txes
uclu
ufpr
ulab
unb1
unb3
unbj
unbn
unbt
unsa
untr
upad
urum
urus
usn1
usn3
usn7
usna
usnb
usno
usud
uzhl
vaas
vaco
vald
vard
vene
vesl
vil0
vill
vis0
vndp
vs0g
vsld
vtsp
wab1
wab2
wab3
waba
wabb
warn
wdc1
wdc2
wdc3
wdc4
wel1
wel2
wes2
wett
wgtn
whit
will
wind
wroc
wsrt
wtza
wtzg
wtzj
wtzl
wtzr
wtzs
wtzz
wuh2
wuhl
wuhn
xian
xmis
yaka
yakt
yakz
yar1
yar2
yar3
yarr
ycba
yebe
yell
yibl
ykro
yssk
zamb
zeck
zim2
zim3
zimg
zimj
zimm
zimm
zimt
zimz
zwe2
zwen 